/home/owen/repos/UNA_Watch/una-sdk/Libs/Header/SDK/Kernel/KernelProviderGUI.hpp:43:31:static SDK::KernelProviderGUI& SDK::KernelProviderGUI::GetInstance()	16	static,ignoring_inline_asm
/home/owen/repos/UNA_Watch/una-sdk/Libs/Source/Port/TouchGFX/generated/OSWrappers.cpp:32:6:static void touchgfx::OSWrappers::initialize()	0	static
/home/owen/repos/UNA_Watch/una-sdk/Libs/Source/Port/TouchGFX/generated/OSWrappers.cpp:40:6:static void touchgfx::OSWrappers::takeFrameBufferSemaphore()	0	static
/home/owen/repos/UNA_Watch/una-sdk/Libs/Source/Port/TouchGFX/generated/OSWrappers.cpp:48:6:static void touchgfx::OSWrappers::giveFrameBufferSemaphore()	0	static
/home/owen/repos/UNA_Watch/una-sdk/Libs/Source/Port/TouchGFX/generated/OSWrappers.cpp:60:6:static void touchgfx::OSWrappers::tryTakeFrameBufferSemaphore()	0	static
/home/owen/repos/UNA_Watch/una-sdk/Libs/Source/Port/TouchGFX/generated/OSWrappers.cpp:72:6:static void touchgfx::OSWrappers::giveFrameBufferSemaphoreFromISR()	0	static
/home/owen/repos/UNA_Watch/una-sdk/Libs/Source/Port/TouchGFX/generated/OSWrappers.cpp:83:6:static void touchgfx::OSWrappers::signalVSync()	0	static
/home/owen/repos/UNA_Watch/una-sdk/Libs/Source/Port/TouchGFX/generated/OSWrappers.cpp:94:6:static void touchgfx::OSWrappers::signalRenderingDone()	0	static
/home/owen/repos/UNA_Watch/una-sdk/Libs/Source/Port/TouchGFX/generated/OSWrappers.cpp:105:6:static void touchgfx::OSWrappers::waitForVSync()	16	static,ignoring_inline_asm
/home/owen/repos/UNA_Watch/una-sdk/Libs/Source/Port/TouchGFX/generated/OSWrappers.cpp:123:6:static void touchgfx::OSWrappers::taskDelay(uint16_t)	8	static
/home/owen/repos/UNA_Watch/una-sdk/Libs/Source/Port/TouchGFX/generated/OSWrappers.cpp:138:6:static void touchgfx::OSWrappers::taskYield()	8	static
/home/owen/repos/UNA_Watch/una-sdk/Libs/Header/SDK/Port/TouchGFX/TouchGFXCommandProcessor.hpp:40:41:void __tcf_0()	8	static
