/home/owen/repos/UNA_Watch/una-sdk/Libs/Header/SDK/TrackMap/TrackMapBuilder.hpp:46:14:bool SDK::TrackMapBuilder::GpsPoint::valid() const	0	static
/home/owen/repos/UNA_Watch/una-sdk/Libs/Source/TrackMap/TrackMapBuilder.cpp:18:1:SDK::TrackMapBuilder::TrackMapBuilder(size_t)	24	static
/home/owen/repos/UNA_Watch/una-sdk/Libs/Source/TrackMap/TrackMapBuilder.cpp:23:6:bool SDK::TrackMapBuilder::useRelativeCoordinates(GpsPoint)	24	static
/home/owen/repos/UNA_Watch/una-sdk/Libs/Source/TrackMap/TrackMapBuilder.cpp:147:6:void SDK::TrackMapBuilder::reset()	0	static
/home/owen/repos/UNA_Watch/una-sdk/Libs/Source/TrackMap/TrackMapBuilder.cpp:234:7:static float SDK::TrackMapBuilder::ToRadians(float)	8	static
/home/owen/repos/UNA_Watch/una-sdk/Libs/Source/TrackMap/TrackMapBuilder.cpp:178:7:static float SDK::TrackMapBuilder::Distance(const GpsPoint&, const GpsPoint&)	24	static
/home/owen/repos/UNA_Watch/una-sdk/Libs/Source/TrackMap/TrackMapBuilder.cpp:104:6:void SDK::TrackMapBuilder::rotateMap(SDK::TrackMapScreen&, float)	32	static
/home/owen/repos/UNA_Watch/una-sdk/Libs/Source/TrackMap/TrackMapBuilder.cpp:240:27:SDK::TrackMapBuilder::GpsPoint SDK::TrackMapBuilder::getCenter(const GpsPoint&, const GpsPoint&) const	16	static
/home/owen/repos/UNA_Watch/una-sdk/Libs/Source/TrackMap/TrackMapBuilder.cpp:197:6:void SDK::TrackMapBuilder::updateRange(const GpsPoint&, GpsPoint&, GpsPoint&, float&) const	32	static
/home/owen/repos/UNA_Watch/una-sdk/Libs/Source/TrackMap/TrackMapBuilder.cpp:248:7:float SDK::TrackMapBuilder::getScale(float, uint8_t) const	0	static
/home/owen/repos/UNA_Watch/una-sdk/Libs/Source/TrackMap/TrackMapBuilder.cpp:253:7:float SDK::TrackMapBuilder::metersPerDegreeLon(const GpsPoint&) const	8	static
/home/owen/repos/UNA_Watch/una-sdk/Libs/Source/TrackMap/TrackMapBuilder.cpp:187:27:SDK::TrackMapBuilder::GpsPoint SDK::TrackMapBuilder::calculateThresholds(const GpsPoint&, float) const	32	static
/home/owen/repos/UNA_Watch/una-sdk/Libs/Source/TrackMap/TrackMapBuilder.cpp:33:6:bool SDK::TrackMapBuilder::setDistanceThreshold(const GpsPoint&, float)	24	static
/opt/st/stm32cubeclt_1.22.0/GNU-tools-for-STM32/arm-none-eabi/include/c++/14.3.1/bits/vector.tcc:581:7:) [with _Args = {const SDK::TrackMapBuilder::GpsPoint&}; _Tp = SDK::TrackMapBuilder::GpsPoint; _Alloc = std::allocator<SDK::TrackMapBuilder::GpsPoint>]	32	static
/opt/st/stm32cubeclt_1.22.0/GNU-tools-for-STM32/arm-none-eabi/include/c++/14.3.1/bits/stl_vector.h:1296:7:void std::vector<_Tp, _Alloc>::push_back(const value_type&) [with _Tp = SDK::TrackMapBuilder::GpsPoint; _Alloc = std::allocator<SDK::TrackMapBuilder::GpsPoint>]	16	static
/home/owen/repos/UNA_Watch/una-sdk/Libs/Source/TrackMap/TrackMapBuilder.cpp:43:6:bool SDK::TrackMapBuilder::addPoint(const GpsPoint&)	24	static
/opt/st/stm32cubeclt_1.22.0/GNU-tools-for-STM32/arm-none-eabi/include/c++/14.3.1/bits/vector.tcc:581:7:) [with _Args = {SDK::TrackMapScreen::Point}; _Tp = SDK::TrackMapScreen::Point; _Alloc = std::allocator<SDK::TrackMapScreen::Point>]	32	static
/home/owen/repos/UNA_Watch/una-sdk/Libs/Source/TrackMap/TrackMapBuilder.cpp:258:16:SDK::TrackMapScreen SDK::TrackMapBuilder::buildFromRaw(const GpsPoint*, size_t, uint8_t, const GpsPoint&, const GpsPoint&, const float&)	112	static
/home/owen/repos/UNA_Watch/una-sdk/Libs/Source/TrackMap/TrackMapBuilder.cpp:77:16:SDK::TrackMapScreen SDK::TrackMapBuilder::build(uint8_t)	40	static
/home/owen/repos/UNA_Watch/una-sdk/Libs/Source/TrackMap/TrackMapBuilder.cpp:83:16:SDK::TrackMapScreen SDK::TrackMapBuilder::build(const GpsPoint*, size_t, uint8_t)	88	static
