/home/owen/repos/UNA_Watch/una-sdk/Libs/Source/JSON/JsonStreamReader.cpp:25:1:SDK::JsonStreamReader::JsonStreamReader()	0	static
/home/owen/repos/UNA_Watch/una-sdk/Libs/Source/JSON/JsonStreamReader.cpp:30:1:SDK::JsonStreamReader::JsonStreamReader(const char*, size_t)	0	static
/home/owen/repos/UNA_Watch/una-sdk/Libs/Source/JSON/JsonStreamReader.cpp:35:6:void SDK::JsonStreamReader::loadBuffer(const char*, size_t)	0	static
/home/owen/repos/UNA_Watch/una-sdk/Libs/Source/JSON/JsonStreamReader.cpp:42:6:bool SDK::JsonStreamReader::validate()	8	static
/home/owen/repos/UNA_Watch/una-sdk/Libs/Source/JSON/JsonStreamReader.cpp:52:6:bool SDK::JsonStreamReader::isValid() const	0	static
/home/owen/repos/UNA_Watch/una-sdk/Libs/Source/JSON/JsonStreamReader.cpp:57:6:bool SDK::JsonStreamReader::getNull(const char*, bool&) const	56	static
/home/owen/repos/UNA_Watch/una-sdk/Libs/Source/JSON/JsonStreamReader.cpp:71:6:bool SDK::JsonStreamReader::get(const char*, bool&) const	56	static
/home/owen/repos/UNA_Watch/una-sdk/Libs/Source/JSON/JsonStreamReader.cpp:135:6:bool SDK::JsonStreamReader::get(const char*, int32_t&) const	56	static
/home/owen/repos/UNA_Watch/una-sdk/Libs/Source/JSON/JsonStreamReader.cpp:95:6:bool SDK::JsonStreamReader::get(const char*, int8_t&) const	16	static
/home/owen/repos/UNA_Watch/una-sdk/Libs/Source/JSON/JsonStreamReader.cpp:115:6:bool SDK::JsonStreamReader::get(const char*, int16_t&) const	16	static
/home/owen/repos/UNA_Watch/una-sdk/Libs/Source/JSON/JsonStreamReader.cpp:149:6:bool SDK::JsonStreamReader::get(const char*, uint32_t&) const	56	static
/home/owen/repos/UNA_Watch/una-sdk/Libs/Source/JSON/JsonStreamReader.cpp:105:6:bool SDK::JsonStreamReader::get(const char*, uint8_t&) const	16	static
/home/owen/repos/UNA_Watch/una-sdk/Libs/Source/JSON/JsonStreamReader.cpp:125:6:bool SDK::JsonStreamReader::get(const char*, uint16_t&) const	16	static
/home/owen/repos/UNA_Watch/una-sdk/Libs/Source/JSON/JsonStreamReader.cpp:163:6:bool SDK::JsonStreamReader::get(const char*, int64_t&) const	56	static
/home/owen/repos/UNA_Watch/una-sdk/Libs/Source/JSON/JsonStreamReader.cpp:177:6:bool SDK::JsonStreamReader::get(const char*, uint64_t&) const	56	static
/home/owen/repos/UNA_Watch/una-sdk/Libs/Source/JSON/JsonStreamReader.cpp:191:6:bool SDK::JsonStreamReader::get(const char*, float&) const	56	static
/home/owen/repos/UNA_Watch/una-sdk/Libs/Source/JSON/JsonStreamReader.cpp:205:6:bool SDK::JsonStreamReader::get(const char*, double&) const	56	static
/home/owen/repos/UNA_Watch/una-sdk/Libs/Source/JSON/JsonStreamReader.cpp:219:6:bool SDK::JsonStreamReader::get(const char*, const char*&, size_t&) const	56	static
/home/owen/repos/UNA_Watch/una-sdk/Libs/Source/JSON/JsonStreamReader.cpp:235:6:bool SDK::JsonStreamReader::get(const char*, std::string_view&) const	56	static
/home/owen/repos/UNA_Watch/una-sdk/Libs/Source/JSON/JsonStreamReader.cpp:250:6:bool SDK::JsonStreamReader::getArrayLength(const char*, size_t&) const	104	static
