/home/owen/repos/UNA_Watch/una-sdk/Libs/Source/JSON/JsonStreamWriter.cpp:19:1:SDK::JsonStreamWriter::JsonStreamWriter(SDK::Interface::IFile*)	16	static
/home/owen/repos/UNA_Watch/una-sdk/Libs/Source/JSON/JsonStreamWriter.cpp:27:1:SDK::JsonStreamWriter::JsonStreamWriter(char*, size_t)	16	static
/home/owen/repos/UNA_Watch/una-sdk/Libs/Source/JSON/JsonStreamWriter.cpp:35:1:SDK::JsonStreamWriter::JsonStreamWriter()	16	static
/home/owen/repos/UNA_Watch/una-sdk/Libs/Source/JSON/JsonStreamWriter.cpp:41:6:void SDK::JsonStreamWriter::setOutput(SDK::Interface::IFile*)	0	static
/home/owen/repos/UNA_Watch/una-sdk/Libs/Source/JSON/JsonStreamWriter.cpp:50:6:void SDK::JsonStreamWriter::setOutput(char*, size_t)	0	static
/home/owen/repos/UNA_Watch/una-sdk/Libs/Source/JSON/JsonStreamWriter.cpp:59:6:bool SDK::JsonStreamWriter::isError()	0	static
/home/owen/repos/UNA_Watch/una-sdk/Libs/Source/JSON/JsonStreamWriter.cpp:500:6:void SDK::JsonStreamWriter::pushContainer(const Container&)	8	static
/home/owen/repos/UNA_Watch/una-sdk/Libs/Source/JSON/JsonStreamWriter.cpp:506:29:SDK::JsonStreamWriter::Container SDK::JsonStreamWriter::popContainer()	8	static
/home/owen/repos/UNA_Watch/una-sdk/Libs/Source/JSON/JsonStreamWriter.cpp:512:30:SDK::JsonStreamWriter::Container* SDK::JsonStreamWriter::currentContainer()	0	static
/home/owen/repos/UNA_Watch/una-sdk/Libs/Source/JSON/JsonStreamWriter.cpp:579:6:void SDK::JsonStreamWriter::writeData(const char*, size_t)	32	static
/home/owen/repos/UNA_Watch/una-sdk/Libs/Source/JSON/JsonStreamWriter.cpp:518:6:void SDK::JsonStreamWriter::writeChar(char)	16	static
/home/owen/repos/UNA_Watch/una-sdk/Libs/Source/JSON/JsonStreamWriter.cpp:544:6:void SDK::JsonStreamWriter::writeString(const char*)	16	static
/home/owen/repos/UNA_Watch/una-sdk/Libs/Source/JSON/JsonStreamWriter.cpp:64:6:void SDK::JsonStreamWriter::startMap(size_t)	16	static
/home/owen/repos/UNA_Watch/una-sdk/Libs/Source/JSON/JsonStreamWriter.cpp:89:6:void SDK::JsonStreamWriter::endMap()	16	static
/home/owen/repos/UNA_Watch/una-sdk/Libs/Source/JSON/JsonStreamWriter.cpp:100:6:void SDK::JsonStreamWriter::startArray(size_t)	16	static
/home/owen/repos/UNA_Watch/una-sdk/Libs/Source/JSON/JsonStreamWriter.cpp:128:6:void SDK::JsonStreamWriter::endArray()	16	static
/home/owen/repos/UNA_Watch/una-sdk/Libs/Source/JSON/JsonStreamWriter.cpp:254:6:void SDK::JsonStreamWriter::add(const char*, const char*)	24	static
/home/owen/repos/UNA_Watch/una-sdk/Libs/Source/JSON/JsonStreamWriter.cpp:437:6:void SDK::JsonStreamWriter::add(const char*)	24	static
/home/owen/repos/UNA_Watch/una-sdk/Libs/Source/JSON/JsonStreamWriter.cpp:83:6:void SDK::JsonStreamWriter::startMap(const char*, size_t)	16	static
/home/owen/repos/UNA_Watch/una-sdk/Libs/Source/JSON/JsonStreamWriter.cpp:122:6:void SDK::JsonStreamWriter::startArray(const char*, size_t)	16	static
/home/owen/repos/UNA_Watch/una-sdk/Libs/Source/JSON/JsonStreamWriter.cpp:556:6:void SDK::JsonStreamWriter::writeString(std::string_view)	32	static
/home/owen/repos/UNA_Watch/una-sdk/Libs/Source/JSON/JsonStreamWriter.cpp:269:6:void SDK::JsonStreamWriter::add(const char*, const std::string_view&)	24	static
/home/owen/repos/UNA_Watch/una-sdk/Libs/Source/JSON/JsonStreamWriter.cpp:523:6:void SDK::JsonStreamWriter::writeInt(int32_t)	48	static
/home/owen/repos/UNA_Watch/una-sdk/Libs/Source/JSON/JsonStreamWriter.cpp:194:6:void SDK::JsonStreamWriter::add(const char*, int32_t)	24	static
/home/owen/repos/UNA_Watch/una-sdk/Libs/Source/JSON/JsonStreamWriter.cpp:174:6:void SDK::JsonStreamWriter::add(const char*, int8_t)	0	static
/home/owen/repos/UNA_Watch/una-sdk/Libs/Source/JSON/JsonStreamWriter.cpp:184:6:void SDK::JsonStreamWriter::add(const char*, int16_t)	0	static
/home/owen/repos/UNA_Watch/una-sdk/Libs/Source/JSON/JsonStreamWriter.cpp:363:6:void SDK::JsonStreamWriter::add(int32_t)	16	static
/home/owen/repos/UNA_Watch/una-sdk/Libs/Source/JSON/JsonStreamWriter.cpp:343:6:void SDK::JsonStreamWriter::add(int8_t)	0	static
/home/owen/repos/UNA_Watch/una-sdk/Libs/Source/JSON/JsonStreamWriter.cpp:353:6:void SDK::JsonStreamWriter::add(int16_t)	0	static
/home/owen/repos/UNA_Watch/una-sdk/Libs/Source/JSON/JsonStreamWriter.cpp:530:6:void SDK::JsonStreamWriter::writeUint(uint32_t)	48	static
/home/owen/repos/UNA_Watch/una-sdk/Libs/Source/JSON/JsonStreamWriter.cpp:209:6:void SDK::JsonStreamWriter::add(const char*, uint32_t)	24	static
/home/owen/repos/UNA_Watch/una-sdk/Libs/Source/JSON/JsonStreamWriter.cpp:179:6:void SDK::JsonStreamWriter::add(const char*, uint8_t)	0	static
/home/owen/repos/UNA_Watch/una-sdk/Libs/Source/JSON/JsonStreamWriter.cpp:189:6:void SDK::JsonStreamWriter::add(const char*, uint16_t)	0	static
/home/owen/repos/UNA_Watch/una-sdk/Libs/Source/JSON/JsonStreamWriter.cpp:383:6:void SDK::JsonStreamWriter::add(uint32_t)	16	static
/home/owen/repos/UNA_Watch/una-sdk/Libs/Source/JSON/JsonStreamWriter.cpp:348:6:void SDK::JsonStreamWriter::add(uint8_t)	0	static
/home/owen/repos/UNA_Watch/una-sdk/Libs/Source/JSON/JsonStreamWriter.cpp:358:6:void SDK::JsonStreamWriter::add(uint16_t)	0	static
/home/owen/repos/UNA_Watch/una-sdk/Libs/Source/JSON/JsonStreamWriter.cpp:537:6:void SDK::JsonStreamWriter::writeDouble(double)	64	static
/home/owen/repos/UNA_Watch/una-sdk/Libs/Source/JSON/JsonStreamWriter.cpp:239:6:void SDK::JsonStreamWriter::add(const char*, double)	24	static
/home/owen/repos/UNA_Watch/una-sdk/Libs/Source/JSON/JsonStreamWriter.cpp:224:6:void SDK::JsonStreamWriter::add(const char*, int64_t)	16	static
/home/owen/repos/UNA_Watch/una-sdk/Libs/Source/JSON/JsonStreamWriter.cpp:229:6:void SDK::JsonStreamWriter::add(const char*, uint64_t)	16	static
/home/owen/repos/UNA_Watch/una-sdk/Libs/Source/JSON/JsonStreamWriter.cpp:234:6:void SDK::JsonStreamWriter::add(const char*, float)	16	static
/home/owen/repos/UNA_Watch/una-sdk/Libs/Source/JSON/JsonStreamWriter.cpp:418:6:void SDK::JsonStreamWriter::add(double)	24	static
/home/owen/repos/UNA_Watch/una-sdk/Libs/Source/JSON/JsonStreamWriter.cpp:403:6:void SDK::JsonStreamWriter::add(int64_t)	8	static
/home/owen/repos/UNA_Watch/una-sdk/Libs/Source/JSON/JsonStreamWriter.cpp:408:6:void SDK::JsonStreamWriter::add(uint64_t)	8	static
/home/owen/repos/UNA_Watch/una-sdk/Libs/Source/JSON/JsonStreamWriter.cpp:413:6:void SDK::JsonStreamWriter::add(float)	8	static
/home/owen/repos/UNA_Watch/una-sdk/Libs/Source/JSON/JsonStreamWriter.cpp:568:6:void SDK::JsonStreamWriter::writeHexString(const uint8_t*, size_t)	32	static
/home/owen/repos/UNA_Watch/una-sdk/Libs/Source/JSON/JsonStreamWriter.cpp:304:6:void SDK::JsonStreamWriter::addHexString(const char*, const uint8_t*, size_t)	24	static
/home/owen/repos/UNA_Watch/una-sdk/Libs/Source/JSON/JsonStreamWriter.cpp:466:6:void SDK::JsonStreamWriter::addHexString(const uint8_t*, size_t)	24	static
/home/owen/repos/UNA_Watch/una-sdk/Libs/Source/JSON/JsonStreamWriter.cpp:139:6:void SDK::JsonStreamWriter::addNull(const char*)	16	static
/home/owen/repos/UNA_Watch/una-sdk/Libs/Source/JSON/JsonStreamWriter.cpp:154:6:void SDK::JsonStreamWriter::add(const char*, bool)	24	static
/home/owen/repos/UNA_Watch/una-sdk/Libs/Source/JSON/JsonStreamWriter.cpp:284:6:void SDK::JsonStreamWriter::addNull()	16	static
/home/owen/repos/UNA_Watch/una-sdk/Libs/Source/JSON/JsonStreamWriter.cpp:319:6:void SDK::JsonStreamWriter::add(bool)	16	static
/home/owen/repos/UNA_Watch/una-sdk/Libs/Source/JSON/JsonStreamWriter.cpp:601:6:void SDK::JsonStreamWriter::flushOutput()	0	static
/home/owen/repos/UNA_Watch/una-sdk/Libs/Source/JSON/JsonStreamWriter.cpp:495:6:void SDK::JsonStreamWriter::flush()	0	static
