/home/owen/repos/UNA_Watch/MapExplorer/Software/Apps/TouchGFX-GUI/gui/include/gui/model/ModelListener.hpp:19:18:virtual void ModelListener::onIdleTimeout()	0	static
/home/owen/repos/UNA_Watch/MapExplorer/Software/Apps/TouchGFX-GUI/gui/include/gui/main_screen/MainPresenter.hpp:28:13:MainPresenter::~MainPresenter()	0	static
/home/owen/repos/UNA_Watch/MapExplorer/Software/Apps/TouchGFX-GUI/gui/src/main_screen/MainPresenter.cpp:10:6:virtual void MainPresenter::activate()	0	static
/home/owen/repos/UNA_Watch/MapExplorer/Software/Apps/TouchGFX-GUI/gui/include/gui/main_screen/MainPresenter.hpp:28:13:virtual MainPresenter::~MainPresenter()	8	static
/home/owen/repos/UNA_Watch/MapExplorer/Software/Apps/TouchGFX-GUI/gui/include/gui/main_screen/MainPresenter.hpp:28:13:virtual void* MainPresenter::_ZThn4_N13MainPresenterD1Ev()	0	static
/home/owen/repos/UNA_Watch/MapExplorer/Software/Apps/TouchGFX-GUI/gui/src/main_screen/MainPresenter.cpp:4:1:MainPresenter::MainPresenter(MainView&)	8	static
/home/owen/repos/UNA_Watch/MapExplorer/Software/Apps/TouchGFX-GUI/gui/src/main_screen/MainPresenter.cpp:18:1:cpp)	0	static
