/home/owen/repos/UNA_Watch/MapKit/Header/MapKit/MapMath.hpp:81:16:int64_t MapKit::MapMath::latToWorldY(int32_t, uint8_t)	24	static
/home/owen/repos/UNA_Watch/MapKit/Header/MapKit/PackTrustReader.hpp:134:21:static uint32_t MapKit::PackTrustReader::readU32LE(const uint8_t*)	0	static
/home/owen/repos/UNA_Watch/MapKit/Header/MapKit/PackTrustReader.hpp:72:11:MapKit::PackTrustReader::Trust MapKit::PackTrustReader::read(uint64_t&, uint32_t&) const	48	static
/home/owen/repos/UNA_Watch/MapKit/Sources/MapSession.cpp:82:6:bool MapKit::MapSession::coversCurrentFix() const	8	static
/home/owen/repos/UNA_Watch/MapKit/Sources/MapSession.cpp:88:6:void MapKit::MapSession::closePack()	8	static
/home/owen/repos/UNA_Watch/MapKit/Sources/MapSession.cpp:160:6:void MapKit::MapSession::setViewport(int64_t, int64_t)	12	static
/home/owen/repos/UNA_Watch/MapKit/Sources/MapSession.cpp:102:6:bool MapKit::MapSession::openPack(size_t)	56	static
/home/owen/repos/UNA_Watch/MapKit/Sources/MapSession.cpp:141:6:bool MapKit::MapSession::cyclePack(int)	32	static
/home/owen/repos/UNA_Watch/MapKit/Sources/MapSession.cpp:166:6:void MapKit::MapSession::chooseAndOpen()	24	static
/home/owen/repos/UNA_Watch/MapKit/Sources/MapSession.cpp:181:6:void MapKit::MapSession::pollTrust()	328	static
/home/owen/repos/UNA_Watch/MapKit/Sources/MapSession.cpp:219:6:bool MapKit::MapSession::cycleZoom()	0	static
/home/owen/repos/UNA_Watch/MapKit/Sources/MapSession.cpp:233:11:MapKit::MapStatus MapKit::MapSession::status() const	56	static
/home/owen/repos/UNA_Watch/MapKit/Sources/MapSession.cpp:16:6:void MapKit::MapSession::onPosition(float, float, bool, bool)	24	static
/home/owen/repos/UNA_Watch/MapKit/Sources/MapSession.cpp:261:13:const char* MapKit::MapSession::packErrorText() const	0	static
/home/owen/repos/UNA_Watch/MapKit/Sources/MapSession.cpp:269:13:const char* MapKit::MapSession::packName() const	0	static
