/home/owen/repos/UNA_Watch/una-sdk/ThirdParty/touchgfx/framework/include/touchgfx/Drawable.hpp:147:23:virtual touchgfx::Drawable* touchgfx::Drawable::getFirstChild()	0	static
/home/owen/repos/UNA_Watch/una-sdk/ThirdParty/touchgfx/framework/include/touchgfx/Drawable.hpp:315:18:virtual void touchgfx::Drawable::setX(int16_t)	0	static
/home/owen/repos/UNA_Watch/una-sdk/ThirdParty/touchgfx/framework/include/touchgfx/Drawable.hpp:327:18:virtual void touchgfx::Drawable::setY(int16_t)	0	static
/home/owen/repos/UNA_Watch/una-sdk/ThirdParty/touchgfx/framework/include/touchgfx/Drawable.hpp:356:18:virtual void touchgfx::Drawable::setWidth(int16_t)	0	static
/home/owen/repos/UNA_Watch/una-sdk/ThirdParty/touchgfx/framework/include/touchgfx/Drawable.hpp:368:18:virtual void touchgfx::Drawable::setHeight(int16_t)	0	static
/home/owen/repos/UNA_Watch/una-sdk/ThirdParty/touchgfx/framework/include/touchgfx/Drawable.hpp:378:18:virtual void touchgfx::Drawable::childGeometryChanged()	0	static
/home/owen/repos/UNA_Watch/una-sdk/ThirdParty/touchgfx/framework/include/touchgfx/Drawable.hpp:389:18:virtual void touchgfx::Drawable::handleClickEvent(const touchgfx::ClickEvent&)	0	static
/home/owen/repos/UNA_Watch/una-sdk/ThirdParty/touchgfx/framework/include/touchgfx/Drawable.hpp:401:18:virtual void touchgfx::Drawable::handleGestureEvent(const touchgfx::GestureEvent&)	0	static
/home/owen/repos/UNA_Watch/una-sdk/ThirdParty/touchgfx/framework/include/touchgfx/Drawable.hpp:490:18:virtual void touchgfx::Drawable::handleDragEvent(const touchgfx::DragEvent&)	0	static
/home/owen/repos/UNA_Watch/una-sdk/ThirdParty/touchgfx/framework/include/touchgfx/Drawable.hpp:501:18:virtual void touchgfx::Drawable::handleTickEvent()	0	static
/home/owen/repos/UNA_Watch/una-sdk/ThirdParty/touchgfx/framework/include/touchgfx/Drawable.hpp:588:18:virtual void touchgfx::Drawable::moveTo(int16_t, int16_t)	4	static
/home/owen/repos/UNA_Watch/una-sdk/ThirdParty/touchgfx/framework/include/touchgfx/Drawable.hpp:703:18:virtual void touchgfx::Drawable::setupDrawChain(const touchgfx::Rect&, touchgfx::Drawable**)	0	static
/home/owen/repos/UNA_Watch/MapKit/Header/MapKit/MapTileView.hpp:72:28:virtual touchgfx::Rect MapKit::MapTileView::getSolidRect() const	8	static
/home/owen/repos/UNA_Watch/MapKit/Header/MapKit/MapTileView.hpp:33:7:MapKit::MapTileView::~MapTileView()	0	static
/home/owen/repos/UNA_Watch/MapKit/Header/MapKit/MapTileView.hpp:33:7:virtual MapKit::MapTileView::~MapTileView()	8	static
/home/owen/repos/UNA_Watch/una-sdk/ThirdParty/touchgfx/framework/include/touchgfx/Drawable.hpp:121:18:virtual void touchgfx::Drawable::invalidateContent() const	0	static
/home/owen/repos/UNA_Watch/una-sdk/ThirdParty/touchgfx/framework/include/touchgfx/widgets/Widget.hpp:45:18:virtual void touchgfx::Widget::getLastChild(int16_t, int16_t, touchgfx::Drawable**)	0	static
/home/owen/repos/UNA_Watch/una-sdk/ThirdParty/touchgfx/framework/include/touchgfx/hal/HAL.hpp:310:17:static touchgfx::LCD& touchgfx::HAL::lcd()	0	static
/home/owen/repos/UNA_Watch/MapKit/Sources/MapTileView.cpp:53:6:void MapKit::MapTileView::drawTiles(const touchgfx::Rect&, int64_t, int64_t, int16_t, int16_t) const	168	static
/home/owen/repos/UNA_Watch/MapKit/Sources/MapTileView.cpp:101:6:static void MapKit::MapTileView::dot(const touchgfx::Rect&, int16_t, int16_t, int16_t, uint8_t, uint8_t, uint8_t)	32	static
/home/owen/repos/UNA_Watch/MapKit/Sources/MapTileView.cpp:116:6:void MapKit::MapTileView::drawTrace(const touchgfx::Rect&, int64_t, int64_t, int16_t, int16_t) const	112	static
/home/owen/repos/UNA_Watch/MapKit/Sources/MapTileView.cpp:176:6:void MapKit::MapTileView::drawMarker(const touchgfx::Rect&, int16_t, int16_t) const	40	static
/home/owen/repos/UNA_Watch/MapKit/Sources/MapTileView.cpp:23:6:virtual void MapKit::MapTileView::draw(const touchgfx::Rect&) const	64	static
