/home/owen/repos/UNA_Watch/una-sdk/Libs/Source/AppConfig/AppConfig.cpp:42:6:bool SDK::{anonymous}::isJsonWhitespace(char)	0	static
/home/owen/repos/UNA_Watch/una-sdk/Libs/Source/AppConfig/AppConfig.cpp:375:10:bool SDK::{anonymous}::DocumentWriter::drain()	24	static
/home/owen/repos/UNA_Watch/una-sdk/Libs/Source/AppConfig/AppConfig.cpp:408:22:SDK::{anonymous}::forEachMember<SDK::AppConfig::writeDocument(SDK::Interface::IFile&) const::<lambda(const char*, size_t, const char*, size_t)>::<lambda(const char*, size_t, const char*, size_t)> >(const char*, size_t, SDK::AppConfig::writeDocument(SDK::Interface::IFile&) const::<lambda(const char*, size_t, const char*, size_t)>::<lambda(const char*, size_t, const char*, size_t)>&&)::<lambda()>	16	static
/home/owen/repos/UNA_Watch/una-sdk/Libs/Source/AppConfig/AppConfig.cpp:408:22:SDK::{anonymous}::forEachMember<SDK::AppConfig::writeDocument(SDK::Interface::IFile&) const::<lambda(const char*, size_t, const char*, size_t)> >(const char*, size_t, SDK::AppConfig::writeDocument(SDK::Interface::IFile&) const::<lambda(const char*, size_t, const char*, size_t)>&&)::<lambda()>	16	static
/home/owen/repos/UNA_Watch/una-sdk/Libs/Source/AppConfig/AppConfig.cpp:139:19:SDK::{anonymous}::decodeJsonString(const char*, size_t, char*, size_t)::<lambda(const char*, size_t)>	16	static
/home/owen/repos/UNA_Watch/una-sdk/Libs/Source/AppConfig/AppConfig.cpp:302:10:bool SDK::{anonymous}::DocumentWriter::put(const char*, size_t)	40	static
/home/owen/repos/UNA_Watch/una-sdk/Libs/Source/AppConfig/AppConfig.cpp:341:10:bool SDK::{anonymous}::DocumentWriter::putString(const char*, size_t)	48	static
/home/owen/repos/UNA_Watch/una-sdk/Libs/Source/AppConfig/AppConfig.cpp:338:10:bool SDK::{anonymous}::DocumentWriter::put(const char*)	16	static
/home/owen/repos/UNA_Watch/una-sdk/Libs/Source/AppConfig/AppConfig.cpp:218:6:0(const char*, size_t, int32_t&)	24	static
/home/owen/repos/UNA_Watch/una-sdk/Libs/Source/AppConfig/AppConfig.cpp:108:6:constprop(const char*, size_t, size_t, uint32_t&)	16	static
/home/owen/repos/UNA_Watch/una-sdk/Libs/Source/AppConfig/AppConfig.cpp:1149:22:SDK::AppConfig::writeDocument(SDK::Interface::IFile&) const::<lambda()>	0	static
/home/owen/repos/UNA_Watch/una-sdk/Libs/Source/AppConfig/AppConfig.cpp:714:25:const SDK::AppConfig::Field* SDK::AppConfig::find(const char*, size_t&) const	40	static
/home/owen/repos/UNA_Watch/una-sdk/Libs/Source/AppConfig/AppConfig.cpp:729:6:bool SDK::AppConfig::rawSlice(const Field&, Slice&) const	56	static
/home/owen/repos/UNA_Watch/una-sdk/Libs/Source/AppConfig/AppConfig.cpp:773:6:bool SDK::AppConfig::fileBool(const Field&, bool&) const	16	static
/home/owen/repos/UNA_Watch/una-sdk/Libs/Source/AppConfig/AppConfig.cpp:784:6:bool SDK::AppConfig::fileInt(const Field&, int32_t&) const	24	static
/home/owen/repos/UNA_Watch/una-sdk/Libs/Source/AppConfig/AppConfig.cpp:790:6:bool SDK::AppConfig::fileFloat(const Field&, float&) const	104	static
/home/owen/repos/UNA_Watch/una-sdk/Libs/Source/AppConfig/AppConfig.cpp:796:6:bool SDK::AppConfig::fileString(const Field&, char*, size_t, size_t&) const	96	static
/home/owen/repos/UNA_Watch/una-sdk/Libs/Source/AppConfig/AppConfig.cpp:677:6:void SDK::AppConfig::indexPresentValues()	168	static
/home/owen/repos/UNA_Watch/una-sdk/Libs/Source/AppConfig/AppConfig.cpp:825:6:bool SDK::AppConfig::has(const char*) const	24	static
/home/owen/repos/UNA_Watch/una-sdk/Libs/Source/AppConfig/AppConfig.cpp:838:6:bool SDK::AppConfig::getBool(const char*) const	32	static
/home/owen/repos/UNA_Watch/una-sdk/Libs/Source/AppConfig/AppConfig.cpp:861:9:int32_t SDK::AppConfig::getInt(const char*) const	32	static
/home/owen/repos/UNA_Watch/una-sdk/Libs/Source/AppConfig/AppConfig.cpp:890:7:float SDK::AppConfig::getFloat(const char*) const	32	static
/home/owen/repos/UNA_Watch/una-sdk/Libs/Source/AppConfig/AppConfig.cpp:919:8:size_t SDK::AppConfig::getString(const char*, char*, size_t) const	40	static
/home/owen/repos/UNA_Watch/una-sdk/Libs/Source/AppConfig/AppConfig.cpp:1139:6:bool SDK::AppConfig::writeDocument(SDK::Interface::IFile&) const	352	static
/opt/st/stm32cubeclt_1.22.0/GNU-tools-for-STM32/arm-none-eabi/include/c++/14.3.1/bits/unique_ptr.h:673:7:std::unique_ptr<_Tp [], _Dp>::~unique_ptr() [with _Tp = char; _Dp = std::default_delete<char []>]	8	static
/opt/st/stm32cubeclt_1.22.0/GNU-tools-for-STM32/arm-none-eabi/include/c++/14.3.1/bits/unique_ptr.h:393:7:std::unique_ptr<_Tp, _Dp>::~unique_ptr() [with _Tp = SDK::Interface::IFile; _Dp = std::default_delete<SDK::Interface::IFile>]	8	static
/opt/st/stm32cubeclt_1.22.0/GNU-tools-for-STM32/arm-none-eabi/include/c++/14.3.1/bits/unique_ptr.h:200:12:void std::__uniq_ptr_impl<_Tp, _Dp>::reset(pointer) [with _Tp = SDK::Interface::IFile; _Dp = std::default_delete<SDK::Interface::IFile>]	0	static
/home/owen/repos/UNA_Watch/una-sdk/Libs/Source/AppConfig/AppConfig.cpp:570:6:void SDK::AppConfig::recoverInterruptedSave()	72	static
/opt/st/stm32cubeclt_1.22.0/GNU-tools-for-STM32/arm-none-eabi/include/c++/14.3.1/bits/unique_ptr.h:200:12:void std::__uniq_ptr_impl<_Tp, _Dp>::reset(pointer) [with _Tp = char; _Dp = std::default_delete<char []>]	0	static
/home/owen/repos/UNA_Watch/una-sdk/Libs/Source/AppConfig/AppConfig.cpp:1123:6:bool SDK::AppConfig::clear(const char*)	24	static
/home/owen/repos/UNA_Watch/una-sdk/Libs/Source/AppConfig/AppConfig.cpp:610:6:bool SDK::AppConfig::readFile()	112	static
/home/owen/repos/UNA_Watch/una-sdk/Libs/Source/AppConfig/AppConfig.cpp:513:1:SDK::AppConfig::AppConfig(const SDK::Kernel&, const char*, const Field*, size_t)	48	static
/opt/st/stm32cubeclt_1.22.0/GNU-tools-for-STM32/arm-none-eabi/include/c++/14.3.1/bits/unique_ptr.h:200:12:void std::__uniq_ptr_impl<_Tp, _Dp>::reset(pointer) [with _Tp = SDK::AppConfig::Slot; _Dp = std::default_delete<SDK::AppConfig::Slot []>]	16	static
/home/owen/repos/UNA_Watch/una-sdk/Libs/Source/AppConfig/AppConfig.cpp:986:18:SDK::AppConfig::Slot* SDK::AppConfig::slot(size_t)	32	static
/home/owen/repos/UNA_Watch/una-sdk/Libs/Source/AppConfig/AppConfig.cpp:1003:6:bool SDK::AppConfig::setBool(const char*, bool)	24	static
/home/owen/repos/UNA_Watch/una-sdk/Libs/Source/AppConfig/AppConfig.cpp:1021:6:bool SDK::AppConfig::setInt(const char*, int32_t)	24	static
/home/owen/repos/UNA_Watch/una-sdk/Libs/Source/AppConfig/AppConfig.cpp:1044:6:bool SDK::AppConfig::setFloat(const char*, float)	40	static
/home/owen/repos/UNA_Watch/una-sdk/Libs/Source/AppConfig/AppConfig.cpp:1071:6:bool SDK::AppConfig::setString(const char*, const char*)	64	static
/home/owen/repos/UNA_Watch/una-sdk/Libs/Source/AppConfig/AppConfig.cpp:1280:6:bool SDK::AppConfig::save()	48	static
