/home/owen/repos/UNA_Watch/MapExplorer/Software/Libs/Header/Service.hpp:14:13:Service::~Service()	0	static
/home/owen/repos/UNA_Watch/MapExplorer/Software/Libs/Header/Service.hpp:14:13:virtual Service::~Service()	8	static
/home/owen/repos/UNA_Watch/MapExplorer/Software/Libs/Sources/Service.cpp:9:1:Service::Service(SDK::Kernel&)	24	static,ignoring_inline_asm
/home/owen/repos/UNA_Watch/MapExplorer/Software/Libs/Sources/Service.cpp:51:6:void Service::onStartGUI()	16	static
/home/owen/repos/UNA_Watch/MapExplorer/Software/Libs/Sources/Service.cpp:57:6:void Service::onStopGUI()	16	static
/home/owen/repos/UNA_Watch/MapExplorer/Software/Libs/Sources/Service.cpp:14:6:void Service::run()	40	static
/home/owen/repos/UNA_Watch/MapExplorer/Software/Libs/Sources/Service.cpp:63:10:static uint32_t Service::ParseVersion(const char*)	32	static
