/home/owen/repos/UNA_Watch/una-sdk/Libs/Source/Calibration/CadenceStrideModel.cpp:39:6:void SDK::Calibration::{anonymous}::copyPath(char*, size_t, const char*, const char*)	16	static
/home/owen/repos/UNA_Watch/una-sdk/Libs/Header/SDK/Calibration/StrideLut.hpp:47:11:float SDK::Calibration::StrideBin::strideLengthM() const	0	static
/home/owen/repos/UNA_Watch/una-sdk/Libs/Source/Calibration/CadenceStrideModel.cpp:50:1:SDK::Calibration::CadenceStrideModel::CadenceStrideModel(SDK::Interface::IFileSystem&, const char*, const char*)	24	static
/home/owen/repos/UNA_Watch/una-sdk/Libs/Source/Calibration/CadenceStrideModel.cpp:62:7:static float SDK::Calibration::CadenceStrideModel::clampHeight(float)	0	static
/home/owen/repos/UNA_Watch/una-sdk/Libs/Source/Calibration/CadenceStrideModel.cpp:96:7:float SDK::Calibration::CadenceStrideModel::demographicStrideLengthM(float) const	0	static
/home/owen/repos/UNA_Watch/una-sdk/Libs/Source/Calibration/CadenceStrideModel.cpp:110:7:float SDK::Calibration::CadenceStrideModel::outdoorStrideLengthM(float) const	40	static
/home/owen/repos/UNA_Watch/una-sdk/Libs/Source/Calibration/CadenceStrideModel.cpp:170:7:float SDK::Calibration::CadenceStrideModel::deltaAt(float) const	16	static
/home/owen/repos/UNA_Watch/una-sdk/Libs/Source/Calibration/CadenceStrideModel.cpp:192:7:float SDK::Calibration::CadenceStrideModel::treadmillStrideLengthM(float) const	16	static
/opt/st/stm32cubeclt_1.22.0/GNU-tools-for-STM32/arm-none-eabi/include/c++/14.3.1/bits/unique_ptr.h:393:7:std::unique_ptr<_Tp, _Dp>::~unique_ptr() [with _Tp = SDK::Interface::IFile; _Dp = std::default_delete<SDK::Interface::IFile>]	8	static
/home/owen/repos/UNA_Watch/una-sdk/Libs/Source/Calibration/CadenceStrideModel.cpp:312:6:void SDK::Calibration::CadenceStrideModel::loadDeltaLut()	264	static
/home/owen/repos/UNA_Watch/una-sdk/Libs/Source/Calibration/CadenceStrideModel.cpp:70:6:void SDK::Calibration::CadenceStrideModel::startSession(float)	24	static
/home/owen/repos/UNA_Watch/una-sdk/Libs/Source/Calibration/CadenceStrideModel.cpp:384:6:bool SDK::Calibration::CadenceStrideModel::saveDeltaLut()	296	static
/home/owen/repos/UNA_Watch/una-sdk/Libs/Source/Calibration/CadenceStrideModel.cpp:211:39:SDK::Calibration::CadenceStrideModel::CalibrationResult SDK::Calibration::CadenceStrideModel::applyPostRunCalibration(const float*, float, float)	56	static
