/home/owen/repos/UNA_Watch/una-sdk/Libs/Source/Calibration/TreadmillSpeedEstimator.cpp:32:1:SDK::Calibration::TreadmillSpeedEstimator::TreadmillSpeedEstimator(const SDK::Calibration::CadenceStrideModel&)	8	static
/home/owen/repos/UNA_Watch/una-sdk/Libs/Source/Calibration/TreadmillSpeedEstimator.cpp:37:6:void SDK::Calibration::TreadmillSpeedEstimator::startSession()	0	static
/home/owen/repos/UNA_Watch/una-sdk/Libs/Source/Calibration/TreadmillSpeedEstimator.cpp:52:6:void SDK::Calibration::TreadmillSpeedEstimator::tick(float, bool, float)	40	static
/home/owen/repos/UNA_Watch/una-sdk/Libs/Source/Calibration/TreadmillSpeedEstimator.cpp:98:6:void SDK::Calibration::TreadmillSpeedEstimator::pause()	0	static
/home/owen/repos/UNA_Watch/una-sdk/Libs/Source/Calibration/TreadmillSpeedEstimator.cpp:105:6:void SDK::Calibration::TreadmillSpeedEstimator::resume()	0	static
