/home/owen/repos/UNA_Watch/una-sdk/ThirdParty/touchgfx/framework/include/touchgfx/Application.hpp:91:18:virtual void touchgfx::Application::appSwitchScreen(uint8_t)	0	static
/home/owen/repos/UNA_Watch/una-sdk/ThirdParty/touchgfx/framework/include/touchgfx/Application.hpp:104:18:virtual void touchgfx::Application::requestRedraw(touchgfx::Rect&)	0	static
/home/owen/repos/UNA_Watch/MapExplorer/Software/Apps/TouchGFX-GUI/gui/include/gui/common/FrontendApplication.hpp:19:13:FrontendApplication::~FrontendApplication()	0	static
/home/owen/repos/UNA_Watch/MapExplorer/Software/Apps/TouchGFX-GUI/generated/gui_generated/include/gui_generated/common/FrontendApplicationBase.hpp:18:18:virtual void FrontendApplicationBase::changeToStartScreen()	0	static
/home/owen/repos/UNA_Watch/MapExplorer/Software/Apps/TouchGFX-GUI/gui/include/gui/common/FrontendApplication.hpp:19:13:virtual FrontendApplication::~FrontendApplication()	8	static
/home/owen/repos/UNA_Watch/MapExplorer/Software/Apps/TouchGFX-GUI/gui/include/gui/common/FrontendApplication.hpp:37:10:virtual void FrontendApplication::handleKeyEvent(uint8_t)	16	static
/home/owen/repos/UNA_Watch/una-sdk/ThirdParty/touchgfx/framework/include/mvp/MVPApplication.hpp:59:18:virtual void touchgfx::MVPApplication::handlePendingScreenTransition()	8	static
/home/owen/repos/UNA_Watch/MapExplorer/Software/Apps/TouchGFX-GUI/gui/include/gui/common/FrontendApplication.hpp:21:18:virtual void FrontendApplication::handleTickEvent()	16	static,ignoring_inline_asm
/home/owen/repos/UNA_Watch/MapExplorer/Software/Apps/TouchGFX-GUI/gui/src/common/FrontendApplication.cpp:3:1:FrontendApplication::FrontendApplication(Model&, FrontendHeap&)	16	static
/home/owen/repos/UNA_Watch/MapExplorer/Software/Apps/TouchGFX-GUI/gui/src/common/FrontendApplication.cpp:7:1:cpp)	0	static
/home/owen/repos/UNA_Watch/una-sdk/Libs/Header/SDK/Port/TouchGFX/TouchGFXCommandProcessor.hpp:40:41:void __tcf_0()	8	static
