/opt/st/stm32cubeclt_1.22.0/GNU-tools-for-STM32/arm-none-eabi/include/c++/14.3.1/bits/basic_string.h:682:7:std::__cxx11::basic_string<_CharT, _Traits, _Alloc>::basic_string(std::__cxx11::basic_string<_CharT, _Traits, _Alloc>&&) [with _CharT = char; _Traits = std::char_traits<char>; _Alloc = std::allocator<char>]	24	static
/home/owen/repos/UNA_Watch/una-sdk/Libs/Source/Fit/RecordingMarker.cpp:64:1:SDK::Fit::RecordingMarker::RecordingMarker(SDK::Interface::IFileSystem&, const char*)	72	static
/home/owen/repos/UNA_Watch/una-sdk/Libs/Source/Fit/RecordingMarker.cpp:150:6:void SDK::Fit::RecordingMarker::remove()	552	static
/opt/st/stm32cubeclt_1.22.0/GNU-tools-for-STM32/arm-none-eabi/include/c++/14.3.1/bits/unique_ptr.h:393:7:std::unique_ptr<_Tp, _Dp>::~unique_ptr() [with _Tp = SDK::Interface::IFile; _Dp = std::default_delete<SDK::Interface::IFile>]	8	static
/home/owen/repos/UNA_Watch/una-sdk/Libs/Source/Fit/RecordingMarker.cpp:70:6:bool SDK::Fit::RecordingMarker::write(const char*, uint32_t)	856	static
/home/owen/repos/UNA_Watch/una-sdk/Libs/Source/Fit/RecordingMarker.cpp:128:6:bool SDK::Fit::RecordingMarker::update(uint32_t)	0	static
/home/owen/repos/UNA_Watch/una-sdk/Libs/Source/Fit/RecordingMarker.cpp:37:10:bool SDK::Fit::{anonymous}::readMarkerFile(SDK::Interface::IFileSystem&, const char*, std::string&, uint32_t&)	320	static
/home/owen/repos/UNA_Watch/una-sdk/Libs/Source/Fit/RecordingMarker.cpp:136:6:0(std::string&, uint32_t&) const	296	static
/home/owen/repos/UNA_Watch/una-sdk/Libs/Source/Fit/RecordingMarker.cpp:136:6:bool SDK::Fit::RecordingMarker::read(std::string&, uint32_t&) const	16	static
/home/owen/repos/UNA_Watch/una-sdk/Libs/Source/Fit/RecordingMarker.cpp:161:32:SDK::Fit::RecordingMarker::RecoverResult SDK::Fit::RecordingMarker::recover()	56	static
