/home/owen/repos/UNA_Watch/una-sdk/ThirdParty/touchgfx/framework/include/touchgfx/Drawable.hpp:315:18:virtual void touchgfx::Drawable::setX(int16_t)	0	static
/home/owen/repos/UNA_Watch/una-sdk/ThirdParty/touchgfx/framework/include/touchgfx/Drawable.hpp:327:18:virtual void touchgfx::Drawable::setY(int16_t)	0	static
/home/owen/repos/UNA_Watch/una-sdk/ThirdParty/touchgfx/framework/include/touchgfx/Drawable.hpp:356:18:virtual void touchgfx::Drawable::setWidth(int16_t)	0	static
/home/owen/repos/UNA_Watch/una-sdk/ThirdParty/touchgfx/framework/include/touchgfx/Drawable.hpp:368:18:virtual void touchgfx::Drawable::setHeight(int16_t)	0	static
/home/owen/repos/UNA_Watch/una-sdk/ThirdParty/touchgfx/framework/include/touchgfx/Drawable.hpp:378:18:virtual void touchgfx::Drawable::childGeometryChanged()	0	static
/home/owen/repos/UNA_Watch/una-sdk/ThirdParty/touchgfx/framework/include/touchgfx/Drawable.hpp:389:18:virtual void touchgfx::Drawable::handleClickEvent(const touchgfx::ClickEvent&)	0	static
/home/owen/repos/UNA_Watch/una-sdk/ThirdParty/touchgfx/framework/include/touchgfx/Drawable.hpp:401:18:virtual void touchgfx::Drawable::handleGestureEvent(const touchgfx::GestureEvent&)	0	static
/home/owen/repos/UNA_Watch/una-sdk/ThirdParty/touchgfx/framework/include/touchgfx/Drawable.hpp:490:18:virtual void touchgfx::Drawable::handleDragEvent(const touchgfx::DragEvent&)	0	static
/home/owen/repos/UNA_Watch/una-sdk/ThirdParty/touchgfx/framework/include/touchgfx/Drawable.hpp:501:18:virtual void touchgfx::Drawable::handleTickEvent()	0	static
/home/owen/repos/UNA_Watch/una-sdk/ThirdParty/touchgfx/framework/include/touchgfx/Drawable.hpp:588:18:virtual void touchgfx::Drawable::moveTo(int16_t, int16_t)	4	static
/home/owen/repos/UNA_Watch/una-sdk/ThirdParty/touchgfx/framework/include/touchgfx/containers/Container.hpp:165:23:virtual touchgfx::Drawable* touchgfx::Container::getFirstChild()	0	static
/home/owen/repos/UNA_Watch/MapExplorer/Software/Apps/TouchGFX-GUI/gui/include/gui/containers/ButtonsSet.hpp:10:13:ButtonsSet::~ButtonsSet()	8	static
/home/owen/repos/UNA_Watch/MapExplorer/Software/Apps/TouchGFX-GUI/gui/include/gui/containers/ButtonsSet.hpp:10:13:virtual ButtonsSet::~ButtonsSet()	8	static
/home/owen/repos/UNA_Watch/una-sdk/ThirdParty/touchgfx/framework/include/touchgfx/Drawable.hpp:121:18:virtual void touchgfx::Drawable::invalidateContent() const	0	static
/home/owen/repos/UNA_Watch/MapExplorer/Software/Apps/TouchGFX-GUI/gui/src/containers/ButtonsSet.cpp:3:1:ButtonsSet::ButtonsSet()	16	static
/home/owen/repos/UNA_Watch/MapExplorer/Software/Apps/TouchGFX-GUI/gui/src/containers/ButtonsSet.cpp:14:6:void ButtonsSet::setL1(Color)	8	static
/home/owen/repos/UNA_Watch/MapExplorer/Software/Apps/TouchGFX-GUI/gui/src/containers/ButtonsSet.cpp:39:6:void ButtonsSet::setL2(Color)	8	static
/home/owen/repos/UNA_Watch/MapExplorer/Software/Apps/TouchGFX-GUI/gui/src/containers/ButtonsSet.cpp:64:6:void ButtonsSet::setR1(Color)	8	static
/home/owen/repos/UNA_Watch/MapExplorer/Software/Apps/TouchGFX-GUI/gui/src/containers/ButtonsSet.cpp:89:6:void ButtonsSet::setR2(Color)	8	static
/home/owen/repos/UNA_Watch/MapExplorer/Software/Apps/TouchGFX-GUI/gui/src/containers/ButtonsSet.cpp:112:1:cpp)	0	static
/home/owen/repos/UNA_Watch/MapExplorer/Software/Apps/TouchGFX-GUI/gui/src/containers/ButtonsSet.cpp:8:6:virtual void ButtonsSet::initialize()	0	static
