/home/owen/repos/UNA_Watch/una-sdk/Libs/Source/Port/TouchGFX/STM32TouchController.cpp:27:6:virtual void STM32TouchController::init()	0	static
/home/owen/repos/UNA_Watch/una-sdk/Libs/Source/Port/TouchGFX/STM32TouchController.cpp:35:6:virtual bool STM32TouchController::sampleTouch(int32_t&, int32_t&)	0	static
/home/owen/repos/UNA_Watch/una-sdk/Libs/Header/SDK/Port/TouchGFX/STM32TouchController.hpp:38:7:STM32TouchController::~STM32TouchController()	0	static
/home/owen/repos/UNA_Watch/una-sdk/Libs/Header/SDK/Port/TouchGFX/STM32TouchController.hpp:38:7:virtual STM32TouchController::~STM32TouchController()	8	static
