/home/owen/repos/UNA_Watch/una-sdk/Libs/Header/SDK/Messages/MessageBase.hpp:225:13:virtual SDK::MessageBase::~MessageBase()	0	static
/home/owen/repos/UNA_Watch/una-sdk/Libs/Source/Port/TouchGFX/TouchGFXCommandProcessor.cpp:35:1:SDK::TouchGFXCommandProcessor::~TouchGFXCommandProcessor()	0	static
/home/owen/repos/UNA_Watch/una-sdk/Libs/Header/SDK/Messages/CommandMessages.hpp:318:8:virtual SDK::Message::RequestDisplayUpdate::~RequestDisplayUpdate()	0	static
/home/owen/repos/UNA_Watch/una-sdk/Libs/Source/Port/TouchGFX/TouchGFXCommandProcessor.cpp:35:1:virtual SDK::TouchGFXCommandProcessor::~TouchGFXCommandProcessor()	8	static
/home/owen/repos/UNA_Watch/una-sdk/Libs/Source/Port/TouchGFX/TouchGFXCommandProcessor.cpp:26:1:SDK::TouchGFXCommandProcessor::TouchGFXCommandProcessor()	24	static,ignoring_inline_asm
/home/owen/repos/UNA_Watch/una-sdk/Libs/Source/Port/TouchGFX/TouchGFXCommandProcessor.cpp:165:6:void SDK::TouchGFXCommandProcessor::writeDisplayFrameBuffer(const uint8_t*)	24	static
/home/owen/repos/UNA_Watch/una-sdk/Libs/Source/Port/TouchGFX/TouchGFXCommandProcessor.cpp:179:6:void SDK::TouchGFXCommandProcessor::callCustomMessageHandler()	16	static
/home/owen/repos/UNA_Watch/una-sdk/Libs/Header/SDK/Tools/FixedQueue.hpp:22:22:std::optional<_Tp> SDK::Tools::FixedQueue<T, Capacity>::pop() [with T = unsigned char; unsigned int Capacity = 16]	8	static
/home/owen/repos/UNA_Watch/una-sdk/Libs/Source/Port/TouchGFX/TouchGFXCommandProcessor.cpp:154:6:bool SDK::TouchGFXCommandProcessor::getKeySample(uint8_t&)	16	static
/home/owen/repos/UNA_Watch/una-sdk/Libs/Source/Port/TouchGFX/TouchGFXCommandProcessor.cpp:225:6:void SDK::TouchGFXCommandProcessor::handleEvent(SDK::Message::EventButton*)	16	static
/home/owen/repos/UNA_Watch/una-sdk/Libs/Source/Port/TouchGFX/TouchGFXCommandProcessor.cpp:39:6:bool SDK::TouchGFXCommandProcessor::waitForFrameTick()	48	static
