/home/owen/repos/UNA_Watch/una-sdk/ThirdParty/touchgfx/framework/include/platform/driver/button/ButtonController.hpp:48:18:virtual void touchgfx::ButtonController::reset()	0	static
/home/owen/repos/UNA_Watch/una-sdk/ThirdParty/touchgfx/framework/include/touchgfx/hal/HAL.hpp:131:18:virtual void touchgfx::HAL::setDisplayOrientation(touchgfx::DisplayOrientation)	0	static
/home/owen/repos/UNA_Watch/una-sdk/ThirdParty/touchgfx/framework/include/touchgfx/hal/HAL.hpp:242:18:virtual void touchgfx::HAL::submitGPU2D()	0	static
/home/owen/repos/UNA_Watch/una-sdk/ThirdParty/touchgfx/framework/include/touchgfx/hal/HAL.hpp:717:18:virtual bool touchgfx::HAL::sampleKey(uint8_t&)	0	static
/home/owen/repos/UNA_Watch/una-sdk/ThirdParty/touchgfx/framework/include/touchgfx/hal/HAL.hpp:790:18:virtual void touchgfx::HAL::setAnimationStorage(void*)	0	static
/home/owen/repos/UNA_Watch/una-sdk/ThirdParty/touchgfx/framework/include/touchgfx/hal/HAL.hpp:828:18:virtual void touchgfx::HAL::waitForLTDCLines(uint16_t)	0	static
/home/owen/repos/UNA_Watch/una-sdk/ThirdParty/touchgfx/framework/include/touchgfx/hal/HAL.hpp:972:30:virtual touchgfx::FlashDataReader* touchgfx::HAL::getFlashDataReader() const	0	static
/home/owen/repos/UNA_Watch/una-sdk/ThirdParty/touchgfx/framework/include/touchgfx/hal/HAL.hpp:1134:18:virtual void touchgfx::HAL::taskDelay(uint16_t)	0	static
/home/owen/repos/UNA_Watch/una-sdk/ThirdParty/touchgfx/framework/include/touchgfx/hal/HAL.hpp:1161:22:virtual uint16_t touchgfx::HAL::getTFTCurrentLine()	0	static
/home/owen/repos/UNA_Watch/una-sdk/ThirdParty/touchgfx/framework/include/touchgfx/hal/HAL.hpp:1172:21:virtual touchgfx::DMAType touchgfx::HAL::getDMAType()	0	static
/home/owen/repos/UNA_Watch/una-sdk/ThirdParty/touchgfx/framework/include/touchgfx/hal/HAL.hpp:1319:18:virtual void touchgfx::HAL::partialLTDCDeadlineMissed()	0	static
/home/owen/repos/UNA_Watch/una-sdk/ThirdParty/touchgfx/framework/include/touchgfx/hal/HAL.hpp:1397:18:virtual void touchgfx::HAL::InvalidateCache()	0	static
/home/owen/repos/UNA_Watch/una-sdk/ThirdParty/touchgfx/framework/include/touchgfx/hal/HAL.hpp:1407:18:virtual void touchgfx::HAL::FlushCache()	0	static
/home/owen/repos/UNA_Watch/una-sdk/ThirdParty/touchgfx/framework/include/touchgfx/hal/HAL.hpp:1417:18:virtual void touchgfx::HAL::InvalidateTextureCache()	0	static
/home/owen/repos/UNA_Watch/una-sdk/Libs/Source/Port/TouchGFX/TouchGFXHAL.cpp:40:18:virtual void HWButtonController::init()	0	static
/home/owen/repos/UNA_Watch/una-sdk/Libs/Source/Port/TouchGFX/TouchGFXHAL.cpp:94:11:virtual uint16_t* TouchGFXHAL::getTFTFrameBuffer() const	0	static
/home/owen/repos/UNA_Watch/una-sdk/Libs/Source/Port/TouchGFX/TouchGFXHAL.cpp:110:6:virtual void TouchGFXHAL::setTFTFrameBuffer(uint16_t*)	0	static
/home/owen/repos/UNA_Watch/una-sdk/Libs/Source/Port/TouchGFX/TouchGFXHAL.cpp:36:7:HWButtonController::~HWButtonController()	0	static
/home/owen/repos/UNA_Watch/una-sdk/Libs/Header/SDK/Port/TouchGFX/TouchGFXHAL.hpp:36:7:TouchGFXHAL::~TouchGFXHAL()	0	static
/home/owen/repos/UNA_Watch/una-sdk/Libs/Source/Port/TouchGFX/TouchGFXHAL.cpp:67:6:virtual void TouchGFXHAL::initialize()	16	static
/home/owen/repos/UNA_Watch/una-sdk/Libs/Source/Port/TouchGFX/TouchGFXHAL.cpp:36:7:virtual HWButtonController::~HWButtonController()	8	static
/home/owen/repos/UNA_Watch/una-sdk/Libs/Header/SDK/Port/TouchGFX/TouchGFXHAL.hpp:36:7:virtual TouchGFXHAL::~TouchGFXHAL()	8	static
/home/owen/repos/UNA_Watch/una-sdk/Libs/Source/Port/TouchGFX/TouchGFXHAL.cpp:128:6:virtual void TouchGFXHAL::flushFrameBuffer(const touchgfx::Rect&)	0	static
/home/owen/repos/UNA_Watch/una-sdk/Libs/Source/Port/TouchGFX/TouchGFXHAL.cpp:144:6:virtual bool TouchGFXHAL::blockCopy(void*, const void*, uint32_t)	0	static
/home/owen/repos/UNA_Watch/una-sdk/Libs/Source/Port/TouchGFX/TouchGFXHAL.cpp:153:6:virtual void TouchGFXHAL::configureInterrupts()	0	static
/home/owen/repos/UNA_Watch/una-sdk/Libs/Source/Port/TouchGFX/TouchGFXHAL.cpp:166:6:virtual void TouchGFXHAL::enableInterrupts()	0	static
/home/owen/repos/UNA_Watch/una-sdk/Libs/Source/Port/TouchGFX/TouchGFXHAL.cpp:179:6:virtual void TouchGFXHAL::disableInterrupts()	0	static
/home/owen/repos/UNA_Watch/una-sdk/Libs/Source/Port/TouchGFX/TouchGFXHAL.cpp:193:6:virtual void TouchGFXHAL::enableLCDControllerInterrupt()	0	static
/home/owen/repos/UNA_Watch/una-sdk/Libs/Source/Port/TouchGFX/TouchGFXHAL.cpp:203:6:virtual bool TouchGFXHAL::beginFrame()	0	static
/home/owen/repos/UNA_Watch/una-sdk/ThirdParty/touchgfx/framework/include/touchgfx/hal/HAL.hpp:685:18:virtual void touchgfx::HAL::backPorchExited()	8	static
/home/owen/repos/UNA_Watch/una-sdk/Libs/Header/SDK/Port/TouchGFX/TouchGFXHAL.hpp:108:18:virtual void TouchGFXHAL::flushFrameBuffer()	0	static
/home/owen/repos/UNA_Watch/una-sdk/ThirdParty/touchgfx/framework/include/touchgfx/hal/HAL.hpp:1370:18:virtual void touchgfx::HAL::performDisplayOrientationChange()	8	static
/home/owen/repos/UNA_Watch/una-sdk/ThirdParty/touchgfx/framework/include/touchgfx/hal/HAL.hpp:163:18:virtual void touchgfx::HAL::setFrameBufferSize(uint16_t, uint16_t)	8	static
/home/owen/repos/UNA_Watch/una-sdk/ThirdParty/touchgfx/framework/include/touchgfx/hal/HAL.hpp:767:18:virtual void touchgfx::HAL::setFrameBufferStartAddresses(void*, void*, void*)	24	static
/home/owen/repos/UNA_Watch/una-sdk/ThirdParty/touchgfx/framework/include/touchgfx/hal/HAL.hpp:358:28:virtual touchgfx::BlitOperations touchgfx::HAL::getBlitCaps()	0	static
/home/owen/repos/UNA_Watch/una-sdk/Libs/Header/SDK/Port/TouchGFX/TouchGFXCommandProcessor.hpp:38:38:static SDK::TouchGFXCommandProcessor& SDK::TouchGFXCommandProcessor::GetInstance()	16	static,ignoring_inline_asm
/home/owen/repos/UNA_Watch/una-sdk/Libs/Source/Port/TouchGFX/TouchGFXHAL.cpp:45:18:virtual bool HWButtonController::sample(uint8_t&)	8	static
/home/owen/repos/UNA_Watch/una-sdk/Libs/Source/Port/TouchGFX/TouchGFXHAL.cpp:209:6:virtual void TouchGFXHAL::endFrame()	16	static
/home/owen/repos/UNA_Watch/una-sdk/Libs/Source/Port/TouchGFX/TouchGFXHAL.cpp:216:1:cpp)	0	static
/home/owen/repos/UNA_Watch/una-sdk/Libs/Header/SDK/Port/TouchGFX/TouchGFXCommandProcessor.hpp:40:41:void __tcf_0()	8	static
