/home/owen/repos/UNA_Watch/una-sdk/Libs/Header/SDK/Messages/MessageBase.hpp:225:13:virtual SDK::MessageBase::~MessageBase()	0	static
/home/owen/repos/UNA_Watch/una-sdk/Libs/Header/SDK/Messages/SensorLayerMessages.hpp:86:8:virtual SDK::Message::Sensor::RequestDisconnect::~RequestDisconnect()	0	static
/home/owen/repos/UNA_Watch/una-sdk/Libs/Header/SDK/Messages/SensorLayerMessages.hpp:73:8:virtual SDK::Message::Sensor::RequestConnect::~RequestConnect()	0	static
/home/owen/repos/UNA_Watch/una-sdk/Libs/Header/SDK/Messages/SensorLayerMessages.hpp:32:8:virtual SDK::Message::Sensor::RequestDefault::~RequestDefault()	0	static
/home/owen/repos/UNA_Watch/una-sdk/Libs/Header/SDK/Kernel/KernelProviderService.hpp:43:35:static SDK::KernelProviderService& SDK::KernelProviderService::GetInstance()	16	static,ignoring_inline_asm
/home/owen/repos/UNA_Watch/una-sdk/Libs/Source/SensorLayer/SensorConnection.cpp:14:1:SDK::Sensor::Connection::Connection(SDK::Sensor::Type, float, uint32_t)	24	static
/home/owen/repos/UNA_Watch/una-sdk/Libs/Source/SensorLayer/SensorConnection.cpp:25:1:SDK::Sensor::Connection::Connection(uint8_t, float, uint32_t)	24	static
/home/owen/repos/UNA_Watch/una-sdk/Libs/Source/SensorLayer/SensorConnection.cpp:41:6:bool SDK::Sensor::Connection::isValid()	0	static
/home/owen/repos/UNA_Watch/una-sdk/Libs/Source/SensorLayer/SensorConnection.cpp:92:6:bool SDK::Sensor::Connection::isConnected()	0	static
/home/owen/repos/UNA_Watch/una-sdk/Libs/Source/SensorLayer/SensorConnection.cpp:97:6:void SDK::Sensor::Connection::disconnect()	24	static
/home/owen/repos/UNA_Watch/una-sdk/Libs/Source/SensorLayer/SensorConnection.cpp:36:1:SDK::Sensor::Connection::~Connection()	8	static
/home/owen/repos/UNA_Watch/una-sdk/Libs/Source/SensorLayer/SensorConnection.cpp:120:6:bool SDK::Sensor::Connection::matchesDriver(uint16_t)	16	static
/home/owen/repos/UNA_Watch/una-sdk/Libs/Source/SensorLayer/SensorConnection.cpp:133:6:bool SDK::Sensor::Connection::subscribe()	24	static
/home/owen/repos/UNA_Watch/una-sdk/Libs/Source/SensorLayer/SensorConnection.cpp:46:6:bool SDK::Sensor::Connection::connect()	24	static
/home/owen/repos/UNA_Watch/una-sdk/Libs/Source/SensorLayer/SensorConnection.cpp:74:6:bool SDK::Sensor::Connection::connect(float, uint32_t)	24	static
